// Jest Snapshot v1, https://goo.gl/fbAQLP

exports[`Calculator page testing snapshot matching 1`] = `
<div
  className="calculator"
>
  <h2
    className="calc-heading"
  >
    Lets do some Math...
  </h2>
  <div
    className="wrapper"
  >
    <div
      className="output"
    >
      0
    </div>
    <div
      className="keys"
    >
      <div
        aria-hidden="true"
        className="ac"
        name="AC"
        onClick={[Function]}
        onKeyDown={[Function]}
      >
        AC
      </div>
      <div
        aria-hidden="true"
        className="plus-minus"
        name="+/-"
        onClick={[Function]}
        onKeyDown={[Function]}
      >
        +/-
      </div>
      <div
        aria-hidden="true"
        className="percent"
        name="%"
        onClick={[Function]}
        onKeyDown={[Function]}
      >
        %
      </div>
      <div
        aria-hidden="true"
        className="division"
        name="รท"
        onClick={[Function]}
        onKeyDown={[Function]}
      >
        รท
      </div>
      <div
        aria-hidden="true"
        className="seven"
        name="7"
        onClick={[Function]}
        onKeyDown={[Function]}
      >
        7
      </div>
      <div
        aria-hidden="true"
        className="eight"
        name="8"
        onClick={[Function]}
        onKeyDown={[Function]}
      >
        8
      </div>
      <div
        aria-hidden="true"
        className="nine"
        name="9"
        onClick={[Function]}
        onKeyDown={[Function]}
      >
        9
      </div>
      <div
        aria-hidden="true"
        className="multiply"
        name="x"
        onClick={[Function]}
        onKeyDown={[Function]}
      >
        x
      </div>
      <div
        aria-hidden="true"
        className="four"
        name="4"
        onClick={[Function]}
        onKeyDown={[Function]}
      >
        4
      </div>
      <div
        aria-hidden="true"
        className="five"
        name="5"
        onClick={[Function]}
        onKeyDown={[Function]}
      >
        5
      </div>
      <div
        aria-hidden="true"
        className="six"
        name="6"
        onClick={[Function]}
        onKeyDown={[Function]}
      >
        6
      </div>
      <div
        aria-hidden="true"
        className="minus"
        name="-"
        onClick={[Function]}
        onKeyDown={[Function]}
      >
        -
      </div>
      <div
        aria-hidden="true"
        className="one"
        name="1"
        onClick={[Function]}
        onKeyDown={[Function]}
      >
        1
      </div>
      <div
        aria-hidden="true"
        className="two"
        name="2"
        onClick={[Function]}
        onKeyDown={[Function]}
      >
        2
      </div>
      <div
        aria-hidden="true"
        className="three"
        name="3"
        onClick={[Function]}
        onKeyDown={[Function]}
      >
        3
      </div>
      <div
        aria-hidden="true"
        className="plus"
        name="+"
        onClick={[Function]}
        onKeyDown={[Function]}
      >
        +
      </div>
      <div
        aria-hidden="true"
        className="zero"
        name="0"
        onClick={[Function]}
        onKeyDown={[Function]}
      >
        0
      </div>
      <div
        aria-hidden="true"
        className="dot"
        name="."
        onClick={[Function]}
        onKeyDown={[Function]}
      >
        .
      </div>
      <div
        aria-hidden="true"
        className="equal"
        name="="
        onClick={[Function]}
        onKeyDown={[Function]}
      >
        =
      </div>
    </div>
  </div>
</div>
`;
