// Jest Snapshot v1, https://goo.gl/fbAQLP

exports[`Navbar testing snapshot matching 1`] = `
<header>
  <a
    className="brand"
    href="/"
    onClick={[Function]}
  >
    Calculator
  </a>
  <nav>
    <ul>
      <li>
        <a
          aria-current="page"
          className="active"
          href="/"
          onClick={[Function]}
        >
          Home
        </a>
      </li>
      <li>
        <a
          className=""
          href="/calculator"
          onClick={[Function]}
        >
          Calculator
        </a>
      </li>
      <li>
        <a
          className=""
          href="/quote"
          onClick={[Function]}
        >
          Quote
        </a>
      </li>
    </ul>
  </nav>
</header>
`;
