// Jest Snapshot v1, https://goo.gl/fbAQLP

exports[`Quote testing snapshot matching 1`] = `
<div
  className="quote"
>
  <p>
    Loading ....
  </p>
</div>
`;
